PS C:\local\learning\git_challenge> git init               
Initialized empty Git repository in C:/local/learning/git_challenge/.git/
PS C:\local\learning\git_challenge> git add hello_world.txt
PS C:\local\learning\git_challenge> git commit -m "hello_world.txtを追加"
[main (root-commit) f021fcb] hello_world.txtを追加
 1 file changed, 1 insertion(+)
 create mode 100644 hello_world.txt
PS C:\local\learning\git_challenge> git add hello_world.txt
PS C:\local\learning\git_challenge> git commit -m "日本語訳を追記"
[main 385b8d5] 日本語訳を追記
 1 file changed, 2 insertions(+), 1 deletion(-)
PS C:\local\learning\git_challenge> git log --oneline   
385b8d5 (HEAD -> main) 日本語訳を追記
f021fcb hello_world.txtを追加